{
    "references": [
        {
            "ext": ".png",
            "location": 0,
            "path": "Data\\gems prices.png",
            "size": 1313538
        },
        {
            "ext": ".png",
            "location": 128,
            "path": "Data\\Textures\\linhas terrain unreal.png",
            "size": 1055478
        }
    ]
}
